Created by PLY version 3.11 (http://www.dabeaz.com/ply)

Grammar

Rule 0     S' -> programa
Rule 1     programa -> PROGRAM ID ILLAVE variables bloque DLLAVE
Rule 2     variables -> VAR ids DOSPUNTOS TypeOf PUNTOYCOMA
Rule 3     variables -> empty
Rule 4     ids -> ID
Rule 5     ids -> ids COMA ID
Rule 6     TypeOf -> INT
Rule 7     TypeOf -> FLOAT
Rule 8     TypeOf -> BOOL
Rule 9     TypeOf -> STRING
Rule 10    bloque -> BEGIN PUNTOYCOMA estatutos END PUNTOYCOMA
Rule 11    estatuto -> asignar
Rule 12    estatuto -> if
Rule 13    estatuto -> while
Rule 14    estatuto -> for
Rule 15    estatuto -> writeln
Rule 16    estatuto -> incremento_puntocoma
Rule 17    estatutos -> estatuto estatutos
Rule 18    estatutos -> empty
Rule 19    asignar_base -> ID ASSIGNAR expresion
Rule 20    asignar -> asignar_base PUNTOYCOMA
Rule 21    writeln -> WRITELN IPAREN valor DPAREN PUNTOYCOMA
Rule 22    valor -> CTE
Rule 23    valor -> ID
Rule 24    valor -> STRING
Rule 25    if -> IF IPAREN expresion DPAREN marca_gotoF THEN ILLAVE estatutos DLLAVE
Rule 26    if -> IF IPAREN expresion DPAREN marca_gotoF THEN ILLAVE estatutos DLLAVE marca_goto ELSE ILLAVE estatutos DLLAVE
Rule 27    marca_gotoF -> empty
Rule 28    marca_goto -> empty
Rule 29    while -> WHILE marca_inicio IPAREN expresion marca_gotoF DPAREN DO ILLAVE estatutos DLLAVE
Rule 30    marca_inicio -> empty
Rule 31    for -> FOR IPAREN asignar_base PUNTOYCOMA marca_inicio expresion marca_gotoF PUNTOYCOMA incremento_expr DPAREN ILLAVE estatutos DLLAVE
Rule 32    incremento_expr -> ID INCREMENTO
Rule 33    incremento_expr -> ID DECREMENTO
Rule 34    incremento_expr -> asignar_base
Rule 35    incremento_puntocoma -> ID INCREMENTO PUNTOYCOMA
Rule 36    incremento_puntocoma -> ID DECREMENTO PUNTOYCOMA
Rule 37    expresion -> expresionS MEQ expresionS
Rule 38    expresion -> expresionS MAQ expresionS
Rule 39    expresion -> expresionS MEI expresionS
Rule 40    expresion -> expresionS MAI expresionS
Rule 41    expresion -> expresionS IGUAL expresionS
Rule 42    expresion -> expresionS DISTINTO expresionS
Rule 43    expresion -> expresionS
Rule 44    expresionS -> expresionS SUMA termino
Rule 45    expresionS -> expresionS RESTA termino
Rule 46    expresionS -> expresionS OR termino
Rule 47    expresionS -> termino
Rule 48    termino -> termino MULTIPLICAR factor
Rule 49    termino -> termino DIVIDIR factor
Rule 50    termino -> termino AND factor
Rule 51    termino -> factor
Rule 52    factor -> ID
Rule 53    factor -> CTE
Rule 54    factor -> TRUE
Rule 55    factor -> FALSE
Rule 56    factor -> IPAREN expresion DPAREN
Rule 57    factor -> NOT factor
Rule 58    empty -> <empty>

Terminals, with rules where they appear

AND                  : 50
ASSIGNAR             : 19
BEGIN                : 10
BOOL                 : 8
COMA                 : 5
CTE                  : 22 53
DECREMENTO           : 33 36
DISTINTO             : 42
DIVIDIR              : 49
DLLAVE               : 1 25 26 26 29 31
DO                   : 29
DOSPUNTOS            : 2
DPAREN               : 21 25 26 29 31 56
ELSE                 : 26
END                  : 10
FALSE                : 55
FLOAT                : 7
FOR                  : 31
ID                   : 1 4 5 19 23 32 33 35 36 52
IF                   : 25 26
IGUAL                : 41
ILLAVE               : 1 25 26 26 29 31
INCREMENTO           : 32 35
INT                  : 6
IPAREN               : 21 25 26 29 31 56
MAI                  : 40
MAQ                  : 38
MEI                  : 39
MEQ                  : 37
MULTIPLICAR          : 48
NOT                  : 57
OR                   : 46
PROGRAM              : 1
PUNTOYCOMA           : 2 10 10 20 21 31 31 35 36
RESTA                : 45
STRING               : 9 24
SUMA                 : 44
THEN                 : 25 26
TRUE                 : 54
VAR                  : 2
WHILE                : 29
WRITELN              : 21
error                : 

Nonterminals, with rules where they appear

TypeOf               : 2
asignar              : 11
asignar_base         : 20 31 34
bloque               : 1
empty                : 3 18 27 28 30
estatuto             : 17
estatutos            : 10 17 25 26 26 29 31
expresion            : 19 25 26 29 31 56
expresionS           : 37 37 38 38 39 39 40 40 41 41 42 42 43 44 45 46
factor               : 48 49 50 51 57
for                  : 14
ids                  : 2 5
if                   : 12
incremento_expr      : 31
incremento_puntocoma : 16
marca_goto           : 26
marca_gotoF          : 25 26 29 31
marca_inicio         : 29 31
programa             : 0
termino              : 44 45 46 47 48 49 50
valor                : 21
variables            : 1
while                : 13
writeln              : 15

Parsing method: LALR

state 0

    (0) S' -> . programa
    (1) programa -> . PROGRAM ID ILLAVE variables bloque DLLAVE

    PROGRAM         shift and go to state 2

    programa                       shift and go to state 1

state 1

    (0) S' -> programa .



state 2

    (1) programa -> PROGRAM . ID ILLAVE variables bloque DLLAVE

    ID              shift and go to state 3


state 3

    (1) programa -> PROGRAM ID . ILLAVE variables bloque DLLAVE

    ILLAVE          shift and go to state 4


state 4

    (1) programa -> PROGRAM ID ILLAVE . variables bloque DLLAVE
    (2) variables -> . VAR ids DOSPUNTOS TypeOf PUNTOYCOMA
    (3) variables -> . empty
    (58) empty -> .

    VAR             shift and go to state 6
    BEGIN           reduce using rule 58 (empty -> .)

    variables                      shift and go to state 5
    empty                          shift and go to state 7

state 5

    (1) programa -> PROGRAM ID ILLAVE variables . bloque DLLAVE
    (10) bloque -> . BEGIN PUNTOYCOMA estatutos END PUNTOYCOMA

    BEGIN           shift and go to state 9

    bloque                         shift and go to state 8

state 6

    (2) variables -> VAR . ids DOSPUNTOS TypeOf PUNTOYCOMA
    (4) ids -> . ID
    (5) ids -> . ids COMA ID

    ID              shift and go to state 11

    ids                            shift and go to state 10

state 7

    (3) variables -> empty .

    BEGIN           reduce using rule 3 (variables -> empty .)


state 8

    (1) programa -> PROGRAM ID ILLAVE variables bloque . DLLAVE

    DLLAVE          shift and go to state 12


state 9

    (10) bloque -> BEGIN . PUNTOYCOMA estatutos END PUNTOYCOMA

    PUNTOYCOMA      shift and go to state 13


state 10

    (2) variables -> VAR ids . DOSPUNTOS TypeOf PUNTOYCOMA
    (5) ids -> ids . COMA ID

    DOSPUNTOS       shift and go to state 14
    COMA            shift and go to state 15


state 11

    (4) ids -> ID .

    DOSPUNTOS       reduce using rule 4 (ids -> ID .)
    COMA            reduce using rule 4 (ids -> ID .)


state 12

    (1) programa -> PROGRAM ID ILLAVE variables bloque DLLAVE .

    $end            reduce using rule 1 (programa -> PROGRAM ID ILLAVE variables bloque DLLAVE .)


state 13

    (10) bloque -> BEGIN PUNTOYCOMA . estatutos END PUNTOYCOMA
    (17) estatutos -> . estatuto estatutos
    (18) estatutos -> . empty
    (11) estatuto -> . asignar
    (12) estatuto -> . if
    (13) estatuto -> . while
    (14) estatuto -> . for
    (15) estatuto -> . writeln
    (16) estatuto -> . incremento_puntocoma
    (58) empty -> .
    (20) asignar -> . asignar_base PUNTOYCOMA
    (25) if -> . IF IPAREN expresion DPAREN marca_gotoF THEN ILLAVE estatutos DLLAVE
    (26) if -> . IF IPAREN expresion DPAREN marca_gotoF THEN ILLAVE estatutos DLLAVE marca_goto ELSE ILLAVE estatutos DLLAVE
    (29) while -> . WHILE marca_inicio IPAREN expresion marca_gotoF DPAREN DO ILLAVE estatutos DLLAVE
    (31) for -> . FOR IPAREN asignar_base PUNTOYCOMA marca_inicio expresion marca_gotoF PUNTOYCOMA incremento_expr DPAREN ILLAVE estatutos DLLAVE
    (21) writeln -> . WRITELN IPAREN valor DPAREN PUNTOYCOMA
    (35) incremento_puntocoma -> . ID INCREMENTO PUNTOYCOMA
    (36) incremento_puntocoma -> . ID DECREMENTO PUNTOYCOMA
    (19) asignar_base -> . ID ASSIGNAR expresion

    END             reduce using rule 58 (empty -> .)
    IF              shift and go to state 26
    WHILE           shift and go to state 27
    FOR             shift and go to state 28
    WRITELN         shift and go to state 29
    ID              shift and go to state 30

    estatutos                      shift and go to state 16
    estatuto                       shift and go to state 17
    empty                          shift and go to state 18
    asignar                        shift and go to state 19
    if                             shift and go to state 20
    while                          shift and go to state 21
    for                            shift and go to state 22
    writeln                        shift and go to state 23
    incremento_puntocoma           shift and go to state 24
    asignar_base                   shift and go to state 25

state 14

    (2) variables -> VAR ids DOSPUNTOS . TypeOf PUNTOYCOMA
    (6) TypeOf -> . INT
    (7) TypeOf -> . FLOAT
    (8) TypeOf -> . BOOL
    (9) TypeOf -> . STRING

    INT             shift and go to state 32
    FLOAT           shift and go to state 33
    BOOL            shift and go to state 34
    STRING          shift and go to state 35

    TypeOf                         shift and go to state 31

state 15

    (5) ids -> ids COMA . ID

    ID              shift and go to state 36


state 16

    (10) bloque -> BEGIN PUNTOYCOMA estatutos . END PUNTOYCOMA

    END             shift and go to state 37


state 17

    (17) estatutos -> estatuto . estatutos
    (17) estatutos -> . estatuto estatutos
    (18) estatutos -> . empty
    (11) estatuto -> . asignar
    (12) estatuto -> . if
    (13) estatuto -> . while
    (14) estatuto -> . for
    (15) estatuto -> . writeln
    (16) estatuto -> . incremento_puntocoma
    (58) empty -> .
    (20) asignar -> . asignar_base PUNTOYCOMA
    (25) if -> . IF IPAREN expresion DPAREN marca_gotoF THEN ILLAVE estatutos DLLAVE
    (26) if -> . IF IPAREN expresion DPAREN marca_gotoF THEN ILLAVE estatutos DLLAVE marca_goto ELSE ILLAVE estatutos DLLAVE
    (29) while -> . WHILE marca_inicio IPAREN expresion marca_gotoF DPAREN DO ILLAVE estatutos DLLAVE
    (31) for -> . FOR IPAREN asignar_base PUNTOYCOMA marca_inicio expresion marca_gotoF PUNTOYCOMA incremento_expr DPAREN ILLAVE estatutos DLLAVE
    (21) writeln -> . WRITELN IPAREN valor DPAREN PUNTOYCOMA
    (35) incremento_puntocoma -> . ID INCREMENTO PUNTOYCOMA
    (36) incremento_puntocoma -> . ID DECREMENTO PUNTOYCOMA
    (19) asignar_base -> . ID ASSIGNAR expresion

    END             reduce using rule 58 (empty -> .)
    DLLAVE          reduce using rule 58 (empty -> .)
    IF              shift and go to state 26
    WHILE           shift and go to state 27
    FOR             shift and go to state 28
    WRITELN         shift and go to state 29
    ID              shift and go to state 30

    estatuto                       shift and go to state 17
    estatutos                      shift and go to state 38
    empty                          shift and go to state 18
    asignar                        shift and go to state 19
    if                             shift and go to state 20
    while                          shift and go to state 21
    for                            shift and go to state 22
    writeln                        shift and go to state 23
    incremento_puntocoma           shift and go to state 24
    asignar_base                   shift and go to state 25

state 18

    (18) estatutos -> empty .

    END             reduce using rule 18 (estatutos -> empty .)
    DLLAVE          reduce using rule 18 (estatutos -> empty .)


state 19

    (11) estatuto -> asignar .

    IF              reduce using rule 11 (estatuto -> asignar .)
    WHILE           reduce using rule 11 (estatuto -> asignar .)
    FOR             reduce using rule 11 (estatuto -> asignar .)
    WRITELN         reduce using rule 11 (estatuto -> asignar .)
    ID              reduce using rule 11 (estatuto -> asignar .)
    END             reduce using rule 11 (estatuto -> asignar .)
    DLLAVE          reduce using rule 11 (estatuto -> asignar .)


state 20

    (12) estatuto -> if .

    IF              reduce using rule 12 (estatuto -> if .)
    WHILE           reduce using rule 12 (estatuto -> if .)
    FOR             reduce using rule 12 (estatuto -> if .)
    WRITELN         reduce using rule 12 (estatuto -> if .)
    ID              reduce using rule 12 (estatuto -> if .)
    END             reduce using rule 12 (estatuto -> if .)
    DLLAVE          reduce using rule 12 (estatuto -> if .)


state 21

    (13) estatuto -> while .

    IF              reduce using rule 13 (estatuto -> while .)
    WHILE           reduce using rule 13 (estatuto -> while .)
    FOR             reduce using rule 13 (estatuto -> while .)
    WRITELN         reduce using rule 13 (estatuto -> while .)
    ID              reduce using rule 13 (estatuto -> while .)
    END             reduce using rule 13 (estatuto -> while .)
    DLLAVE          reduce using rule 13 (estatuto -> while .)


state 22

    (14) estatuto -> for .

    IF              reduce using rule 14 (estatuto -> for .)
    WHILE           reduce using rule 14 (estatuto -> for .)
    FOR             reduce using rule 14 (estatuto -> for .)
    WRITELN         reduce using rule 14 (estatuto -> for .)
    ID              reduce using rule 14 (estatuto -> for .)
    END             reduce using rule 14 (estatuto -> for .)
    DLLAVE          reduce using rule 14 (estatuto -> for .)


state 23

    (15) estatuto -> writeln .

    IF              reduce using rule 15 (estatuto -> writeln .)
    WHILE           reduce using rule 15 (estatuto -> writeln .)
    FOR             reduce using rule 15 (estatuto -> writeln .)
    WRITELN         reduce using rule 15 (estatuto -> writeln .)
    ID              reduce using rule 15 (estatuto -> writeln .)
    END             reduce using rule 15 (estatuto -> writeln .)
    DLLAVE          reduce using rule 15 (estatuto -> writeln .)


state 24

    (16) estatuto -> incremento_puntocoma .

    IF              reduce using rule 16 (estatuto -> incremento_puntocoma .)
    WHILE           reduce using rule 16 (estatuto -> incremento_puntocoma .)
    FOR             reduce using rule 16 (estatuto -> incremento_puntocoma .)
    WRITELN         reduce using rule 16 (estatuto -> incremento_puntocoma .)
    ID              reduce using rule 16 (estatuto -> incremento_puntocoma .)
    END             reduce using rule 16 (estatuto -> incremento_puntocoma .)
    DLLAVE          reduce using rule 16 (estatuto -> incremento_puntocoma .)


state 25

    (20) asignar -> asignar_base . PUNTOYCOMA

    PUNTOYCOMA      shift and go to state 39


state 26

    (25) if -> IF . IPAREN expresion DPAREN marca_gotoF THEN ILLAVE estatutos DLLAVE
    (26) if -> IF . IPAREN expresion DPAREN marca_gotoF THEN ILLAVE estatutos DLLAVE marca_goto ELSE ILLAVE estatutos DLLAVE

    IPAREN          shift and go to state 40


state 27

    (29) while -> WHILE . marca_inicio IPAREN expresion marca_gotoF DPAREN DO ILLAVE estatutos DLLAVE
    (30) marca_inicio -> . empty
    (58) empty -> .

    IPAREN          reduce using rule 58 (empty -> .)

    marca_inicio                   shift and go to state 41
    empty                          shift and go to state 42

state 28

    (31) for -> FOR . IPAREN asignar_base PUNTOYCOMA marca_inicio expresion marca_gotoF PUNTOYCOMA incremento_expr DPAREN ILLAVE estatutos DLLAVE

    IPAREN          shift and go to state 43


state 29

    (21) writeln -> WRITELN . IPAREN valor DPAREN PUNTOYCOMA

    IPAREN          shift and go to state 44


state 30

    (35) incremento_puntocoma -> ID . INCREMENTO PUNTOYCOMA
    (36) incremento_puntocoma -> ID . DECREMENTO PUNTOYCOMA
    (19) asignar_base -> ID . ASSIGNAR expresion

    INCREMENTO      shift and go to state 45
    DECREMENTO      shift and go to state 46
    ASSIGNAR        shift and go to state 47


state 31

    (2) variables -> VAR ids DOSPUNTOS TypeOf . PUNTOYCOMA

    PUNTOYCOMA      shift and go to state 48


state 32

    (6) TypeOf -> INT .

    PUNTOYCOMA      reduce using rule 6 (TypeOf -> INT .)


state 33

    (7) TypeOf -> FLOAT .

    PUNTOYCOMA      reduce using rule 7 (TypeOf -> FLOAT .)


state 34

    (8) TypeOf -> BOOL .

    PUNTOYCOMA      reduce using rule 8 (TypeOf -> BOOL .)


state 35

    (9) TypeOf -> STRING .

    PUNTOYCOMA      reduce using rule 9 (TypeOf -> STRING .)


state 36

    (5) ids -> ids COMA ID .

    DOSPUNTOS       reduce using rule 5 (ids -> ids COMA ID .)
    COMA            reduce using rule 5 (ids -> ids COMA ID .)


state 37

    (10) bloque -> BEGIN PUNTOYCOMA estatutos END . PUNTOYCOMA

    PUNTOYCOMA      shift and go to state 49


state 38

    (17) estatutos -> estatuto estatutos .

    END             reduce using rule 17 (estatutos -> estatuto estatutos .)
    DLLAVE          reduce using rule 17 (estatutos -> estatuto estatutos .)


state 39

    (20) asignar -> asignar_base PUNTOYCOMA .

    IF              reduce using rule 20 (asignar -> asignar_base PUNTOYCOMA .)
    WHILE           reduce using rule 20 (asignar -> asignar_base PUNTOYCOMA .)
    FOR             reduce using rule 20 (asignar -> asignar_base PUNTOYCOMA .)
    WRITELN         reduce using rule 20 (asignar -> asignar_base PUNTOYCOMA .)
    ID              reduce using rule 20 (asignar -> asignar_base PUNTOYCOMA .)
    END             reduce using rule 20 (asignar -> asignar_base PUNTOYCOMA .)
    DLLAVE          reduce using rule 20 (asignar -> asignar_base PUNTOYCOMA .)


state 40

    (25) if -> IF IPAREN . expresion DPAREN marca_gotoF THEN ILLAVE estatutos DLLAVE
    (26) if -> IF IPAREN . expresion DPAREN marca_gotoF THEN ILLAVE estatutos DLLAVE marca_goto ELSE ILLAVE estatutos DLLAVE
    (37) expresion -> . expresionS MEQ expresionS
    (38) expresion -> . expresionS MAQ expresionS
    (39) expresion -> . expresionS MEI expresionS
    (40) expresion -> . expresionS MAI expresionS
    (41) expresion -> . expresionS IGUAL expresionS
    (42) expresion -> . expresionS DISTINTO expresionS
    (43) expresion -> . expresionS
    (44) expresionS -> . expresionS SUMA termino
    (45) expresionS -> . expresionS RESTA termino
    (46) expresionS -> . expresionS OR termino
    (47) expresionS -> . termino
    (48) termino -> . termino MULTIPLICAR factor
    (49) termino -> . termino DIVIDIR factor
    (50) termino -> . termino AND factor
    (51) termino -> . factor
    (52) factor -> . ID
    (53) factor -> . CTE
    (54) factor -> . TRUE
    (55) factor -> . FALSE
    (56) factor -> . IPAREN expresion DPAREN
    (57) factor -> . NOT factor

    ID              shift and go to state 55
    CTE             shift and go to state 56
    TRUE            shift and go to state 57
    FALSE           shift and go to state 58
    IPAREN          shift and go to state 50
    NOT             shift and go to state 59

    expresion                      shift and go to state 51
    expresionS                     shift and go to state 52
    termino                        shift and go to state 53
    factor                         shift and go to state 54

state 41

    (29) while -> WHILE marca_inicio . IPAREN expresion marca_gotoF DPAREN DO ILLAVE estatutos DLLAVE

    IPAREN          shift and go to state 60


state 42

    (30) marca_inicio -> empty .

    IPAREN          reduce using rule 30 (marca_inicio -> empty .)
    ID              reduce using rule 30 (marca_inicio -> empty .)
    CTE             reduce using rule 30 (marca_inicio -> empty .)
    TRUE            reduce using rule 30 (marca_inicio -> empty .)
    FALSE           reduce using rule 30 (marca_inicio -> empty .)
    NOT             reduce using rule 30 (marca_inicio -> empty .)


state 43

    (31) for -> FOR IPAREN . asignar_base PUNTOYCOMA marca_inicio expresion marca_gotoF PUNTOYCOMA incremento_expr DPAREN ILLAVE estatutos DLLAVE
    (19) asignar_base -> . ID ASSIGNAR expresion

    ID              shift and go to state 62

    asignar_base                   shift and go to state 61

state 44

    (21) writeln -> WRITELN IPAREN . valor DPAREN PUNTOYCOMA
    (22) valor -> . CTE
    (23) valor -> . ID
    (24) valor -> . STRING

    CTE             shift and go to state 64
    ID              shift and go to state 65
    STRING          shift and go to state 66

    valor                          shift and go to state 63

state 45

    (35) incremento_puntocoma -> ID INCREMENTO . PUNTOYCOMA

    PUNTOYCOMA      shift and go to state 67


state 46

    (36) incremento_puntocoma -> ID DECREMENTO . PUNTOYCOMA

    PUNTOYCOMA      shift and go to state 68


state 47

    (19) asignar_base -> ID ASSIGNAR . expresion
    (37) expresion -> . expresionS MEQ expresionS
    (38) expresion -> . expresionS MAQ expresionS
    (39) expresion -> . expresionS MEI expresionS
    (40) expresion -> . expresionS MAI expresionS
    (41) expresion -> . expresionS IGUAL expresionS
    (42) expresion -> . expresionS DISTINTO expresionS
    (43) expresion -> . expresionS
    (44) expresionS -> . expresionS SUMA termino
    (45) expresionS -> . expresionS RESTA termino
    (46) expresionS -> . expresionS OR termino
    (47) expresionS -> . termino
    (48) termino -> . termino MULTIPLICAR factor
    (49) termino -> . termino DIVIDIR factor
    (50) termino -> . termino AND factor
    (51) termino -> . factor
    (52) factor -> . ID
    (53) factor -> . CTE
    (54) factor -> . TRUE
    (55) factor -> . FALSE
    (56) factor -> . IPAREN expresion DPAREN
    (57) factor -> . NOT factor

    ID              shift and go to state 55
    CTE             shift and go to state 56
    TRUE            shift and go to state 57
    FALSE           shift and go to state 58
    IPAREN          shift and go to state 50
    NOT             shift and go to state 59

    expresion                      shift and go to state 69
    expresionS                     shift and go to state 52
    termino                        shift and go to state 53
    factor                         shift and go to state 54

state 48

    (2) variables -> VAR ids DOSPUNTOS TypeOf PUNTOYCOMA .

    BEGIN           reduce using rule 2 (variables -> VAR ids DOSPUNTOS TypeOf PUNTOYCOMA .)


state 49

    (10) bloque -> BEGIN PUNTOYCOMA estatutos END PUNTOYCOMA .

    DLLAVE          reduce using rule 10 (bloque -> BEGIN PUNTOYCOMA estatutos END PUNTOYCOMA .)


state 50

    (56) factor -> IPAREN . expresion DPAREN
    (37) expresion -> . expresionS MEQ expresionS
    (38) expresion -> . expresionS MAQ expresionS
    (39) expresion -> . expresionS MEI expresionS
    (40) expresion -> . expresionS MAI expresionS
    (41) expresion -> . expresionS IGUAL expresionS
    (42) expresion -> . expresionS DISTINTO expresionS
    (43) expresion -> . expresionS
    (44) expresionS -> . expresionS SUMA termino
    (45) expresionS -> . expresionS RESTA termino
    (46) expresionS -> . expresionS OR termino
    (47) expresionS -> . termino
    (48) termino -> . termino MULTIPLICAR factor
    (49) termino -> . termino DIVIDIR factor
    (50) termino -> . termino AND factor
    (51) termino -> . factor
    (52) factor -> . ID
    (53) factor -> . CTE
    (54) factor -> . TRUE
    (55) factor -> . FALSE
    (56) factor -> . IPAREN expresion DPAREN
    (57) factor -> . NOT factor

    ID              shift and go to state 55
    CTE             shift and go to state 56
    TRUE            shift and go to state 57
    FALSE           shift and go to state 58
    IPAREN          shift and go to state 50
    NOT             shift and go to state 59

    expresion                      shift and go to state 70
    expresionS                     shift and go to state 52
    termino                        shift and go to state 53
    factor                         shift and go to state 54

state 51

    (25) if -> IF IPAREN expresion . DPAREN marca_gotoF THEN ILLAVE estatutos DLLAVE
    (26) if -> IF IPAREN expresion . DPAREN marca_gotoF THEN ILLAVE estatutos DLLAVE marca_goto ELSE ILLAVE estatutos DLLAVE

    DPAREN          shift and go to state 71


state 52

    (37) expresion -> expresionS . MEQ expresionS
    (38) expresion -> expresionS . MAQ expresionS
    (39) expresion -> expresionS . MEI expresionS
    (40) expresion -> expresionS . MAI expresionS
    (41) expresion -> expresionS . IGUAL expresionS
    (42) expresion -> expresionS . DISTINTO expresionS
    (43) expresion -> expresionS .
    (44) expresionS -> expresionS . SUMA termino
    (45) expresionS -> expresionS . RESTA termino
    (46) expresionS -> expresionS . OR termino

    MEQ             shift and go to state 72
    MAQ             shift and go to state 73
    MEI             shift and go to state 74
    MAI             shift and go to state 75
    IGUAL           shift and go to state 76
    DISTINTO        shift and go to state 77
    DPAREN          reduce using rule 43 (expresion -> expresionS .)
    PUNTOYCOMA      reduce using rule 43 (expresion -> expresionS .)
    SUMA            shift and go to state 78
    RESTA           shift and go to state 79
    OR              shift and go to state 80


state 53

    (47) expresionS -> termino .
    (48) termino -> termino . MULTIPLICAR factor
    (49) termino -> termino . DIVIDIR factor
    (50) termino -> termino . AND factor

    MEQ             reduce using rule 47 (expresionS -> termino .)
    MAQ             reduce using rule 47 (expresionS -> termino .)
    MEI             reduce using rule 47 (expresionS -> termino .)
    MAI             reduce using rule 47 (expresionS -> termino .)
    IGUAL           reduce using rule 47 (expresionS -> termino .)
    DISTINTO        reduce using rule 47 (expresionS -> termino .)
    SUMA            reduce using rule 47 (expresionS -> termino .)
    RESTA           reduce using rule 47 (expresionS -> termino .)
    OR              reduce using rule 47 (expresionS -> termino .)
    DPAREN          reduce using rule 47 (expresionS -> termino .)
    PUNTOYCOMA      reduce using rule 47 (expresionS -> termino .)
    MULTIPLICAR     shift and go to state 81
    DIVIDIR         shift and go to state 82
    AND             shift and go to state 83


state 54

    (51) termino -> factor .

    MULTIPLICAR     reduce using rule 51 (termino -> factor .)
    DIVIDIR         reduce using rule 51 (termino -> factor .)
    AND             reduce using rule 51 (termino -> factor .)
    MEQ             reduce using rule 51 (termino -> factor .)
    MAQ             reduce using rule 51 (termino -> factor .)
    MEI             reduce using rule 51 (termino -> factor .)
    MAI             reduce using rule 51 (termino -> factor .)
    IGUAL           reduce using rule 51 (termino -> factor .)
    DISTINTO        reduce using rule 51 (termino -> factor .)
    SUMA            reduce using rule 51 (termino -> factor .)
    RESTA           reduce using rule 51 (termino -> factor .)
    OR              reduce using rule 51 (termino -> factor .)
    DPAREN          reduce using rule 51 (termino -> factor .)
    PUNTOYCOMA      reduce using rule 51 (termino -> factor .)


state 55

    (52) factor -> ID .

    MULTIPLICAR     reduce using rule 52 (factor -> ID .)
    DIVIDIR         reduce using rule 52 (factor -> ID .)
    AND             reduce using rule 52 (factor -> ID .)
    MEQ             reduce using rule 52 (factor -> ID .)
    MAQ             reduce using rule 52 (factor -> ID .)
    MEI             reduce using rule 52 (factor -> ID .)
    MAI             reduce using rule 52 (factor -> ID .)
    IGUAL           reduce using rule 52 (factor -> ID .)
    DISTINTO        reduce using rule 52 (factor -> ID .)
    SUMA            reduce using rule 52 (factor -> ID .)
    RESTA           reduce using rule 52 (factor -> ID .)
    OR              reduce using rule 52 (factor -> ID .)
    DPAREN          reduce using rule 52 (factor -> ID .)
    PUNTOYCOMA      reduce using rule 52 (factor -> ID .)


state 56

    (53) factor -> CTE .

    MULTIPLICAR     reduce using rule 53 (factor -> CTE .)
    DIVIDIR         reduce using rule 53 (factor -> CTE .)
    AND             reduce using rule 53 (factor -> CTE .)
    MEQ             reduce using rule 53 (factor -> CTE .)
    MAQ             reduce using rule 53 (factor -> CTE .)
    MEI             reduce using rule 53 (factor -> CTE .)
    MAI             reduce using rule 53 (factor -> CTE .)
    IGUAL           reduce using rule 53 (factor -> CTE .)
    DISTINTO        reduce using rule 53 (factor -> CTE .)
    SUMA            reduce using rule 53 (factor -> CTE .)
    RESTA           reduce using rule 53 (factor -> CTE .)
    OR              reduce using rule 53 (factor -> CTE .)
    DPAREN          reduce using rule 53 (factor -> CTE .)
    PUNTOYCOMA      reduce using rule 53 (factor -> CTE .)


state 57

    (54) factor -> TRUE .

    MULTIPLICAR     reduce using rule 54 (factor -> TRUE .)
    DIVIDIR         reduce using rule 54 (factor -> TRUE .)
    AND             reduce using rule 54 (factor -> TRUE .)
    MEQ             reduce using rule 54 (factor -> TRUE .)
    MAQ             reduce using rule 54 (factor -> TRUE .)
    MEI             reduce using rule 54 (factor -> TRUE .)
    MAI             reduce using rule 54 (factor -> TRUE .)
    IGUAL           reduce using rule 54 (factor -> TRUE .)
    DISTINTO        reduce using rule 54 (factor -> TRUE .)
    SUMA            reduce using rule 54 (factor -> TRUE .)
    RESTA           reduce using rule 54 (factor -> TRUE .)
    OR              reduce using rule 54 (factor -> TRUE .)
    DPAREN          reduce using rule 54 (factor -> TRUE .)
    PUNTOYCOMA      reduce using rule 54 (factor -> TRUE .)


state 58

    (55) factor -> FALSE .

    MULTIPLICAR     reduce using rule 55 (factor -> FALSE .)
    DIVIDIR         reduce using rule 55 (factor -> FALSE .)
    AND             reduce using rule 55 (factor -> FALSE .)
    MEQ             reduce using rule 55 (factor -> FALSE .)
    MAQ             reduce using rule 55 (factor -> FALSE .)
    MEI             reduce using rule 55 (factor -> FALSE .)
    MAI             reduce using rule 55 (factor -> FALSE .)
    IGUAL           reduce using rule 55 (factor -> FALSE .)
    DISTINTO        reduce using rule 55 (factor -> FALSE .)
    SUMA            reduce using rule 55 (factor -> FALSE .)
    RESTA           reduce using rule 55 (factor -> FALSE .)
    OR              reduce using rule 55 (factor -> FALSE .)
    DPAREN          reduce using rule 55 (factor -> FALSE .)
    PUNTOYCOMA      reduce using rule 55 (factor -> FALSE .)


state 59

    (57) factor -> NOT . factor
    (52) factor -> . ID
    (53) factor -> . CTE
    (54) factor -> . TRUE
    (55) factor -> . FALSE
    (56) factor -> . IPAREN expresion DPAREN
    (57) factor -> . NOT factor

    ID              shift and go to state 55
    CTE             shift and go to state 56
    TRUE            shift and go to state 57
    FALSE           shift and go to state 58
    IPAREN          shift and go to state 50
    NOT             shift and go to state 59

    factor                         shift and go to state 84

state 60

    (29) while -> WHILE marca_inicio IPAREN . expresion marca_gotoF DPAREN DO ILLAVE estatutos DLLAVE
    (37) expresion -> . expresionS MEQ expresionS
    (38) expresion -> . expresionS MAQ expresionS
    (39) expresion -> . expresionS MEI expresionS
    (40) expresion -> . expresionS MAI expresionS
    (41) expresion -> . expresionS IGUAL expresionS
    (42) expresion -> . expresionS DISTINTO expresionS
    (43) expresion -> . expresionS
    (44) expresionS -> . expresionS SUMA termino
    (45) expresionS -> . expresionS RESTA termino
    (46) expresionS -> . expresionS OR termino
    (47) expresionS -> . termino
    (48) termino -> . termino MULTIPLICAR factor
    (49) termino -> . termino DIVIDIR factor
    (50) termino -> . termino AND factor
    (51) termino -> . factor
    (52) factor -> . ID
    (53) factor -> . CTE
    (54) factor -> . TRUE
    (55) factor -> . FALSE
    (56) factor -> . IPAREN expresion DPAREN
    (57) factor -> . NOT factor

    ID              shift and go to state 55
    CTE             shift and go to state 56
    TRUE            shift and go to state 57
    FALSE           shift and go to state 58
    IPAREN          shift and go to state 50
    NOT             shift and go to state 59

    expresion                      shift and go to state 85
    expresionS                     shift and go to state 52
    termino                        shift and go to state 53
    factor                         shift and go to state 54

state 61

    (31) for -> FOR IPAREN asignar_base . PUNTOYCOMA marca_inicio expresion marca_gotoF PUNTOYCOMA incremento_expr DPAREN ILLAVE estatutos DLLAVE

    PUNTOYCOMA      shift and go to state 86


state 62

    (19) asignar_base -> ID . ASSIGNAR expresion

    ASSIGNAR        shift and go to state 47


state 63

    (21) writeln -> WRITELN IPAREN valor . DPAREN PUNTOYCOMA

    DPAREN          shift and go to state 87


state 64

    (22) valor -> CTE .

    DPAREN          reduce using rule 22 (valor -> CTE .)


state 65

    (23) valor -> ID .

    DPAREN          reduce using rule 23 (valor -> ID .)


state 66

    (24) valor -> STRING .

    DPAREN          reduce using rule 24 (valor -> STRING .)


state 67

    (35) incremento_puntocoma -> ID INCREMENTO PUNTOYCOMA .

    IF              reduce using rule 35 (incremento_puntocoma -> ID INCREMENTO PUNTOYCOMA .)
    WHILE           reduce using rule 35 (incremento_puntocoma -> ID INCREMENTO PUNTOYCOMA .)
    FOR             reduce using rule 35 (incremento_puntocoma -> ID INCREMENTO PUNTOYCOMA .)
    WRITELN         reduce using rule 35 (incremento_puntocoma -> ID INCREMENTO PUNTOYCOMA .)
    ID              reduce using rule 35 (incremento_puntocoma -> ID INCREMENTO PUNTOYCOMA .)
    END             reduce using rule 35 (incremento_puntocoma -> ID INCREMENTO PUNTOYCOMA .)
    DLLAVE          reduce using rule 35 (incremento_puntocoma -> ID INCREMENTO PUNTOYCOMA .)


state 68

    (36) incremento_puntocoma -> ID DECREMENTO PUNTOYCOMA .

    IF              reduce using rule 36 (incremento_puntocoma -> ID DECREMENTO PUNTOYCOMA .)
    WHILE           reduce using rule 36 (incremento_puntocoma -> ID DECREMENTO PUNTOYCOMA .)
    FOR             reduce using rule 36 (incremento_puntocoma -> ID DECREMENTO PUNTOYCOMA .)
    WRITELN         reduce using rule 36 (incremento_puntocoma -> ID DECREMENTO PUNTOYCOMA .)
    ID              reduce using rule 36 (incremento_puntocoma -> ID DECREMENTO PUNTOYCOMA .)
    END             reduce using rule 36 (incremento_puntocoma -> ID DECREMENTO PUNTOYCOMA .)
    DLLAVE          reduce using rule 36 (incremento_puntocoma -> ID DECREMENTO PUNTOYCOMA .)


state 69

    (19) asignar_base -> ID ASSIGNAR expresion .

    PUNTOYCOMA      reduce using rule 19 (asignar_base -> ID ASSIGNAR expresion .)
    DPAREN          reduce using rule 19 (asignar_base -> ID ASSIGNAR expresion .)


state 70

    (56) factor -> IPAREN expresion . DPAREN

    DPAREN          shift and go to state 88


state 71

    (25) if -> IF IPAREN expresion DPAREN . marca_gotoF THEN ILLAVE estatutos DLLAVE
    (26) if -> IF IPAREN expresion DPAREN . marca_gotoF THEN ILLAVE estatutos DLLAVE marca_goto ELSE ILLAVE estatutos DLLAVE
    (27) marca_gotoF -> . empty
    (58) empty -> .

    THEN            reduce using rule 58 (empty -> .)

    marca_gotoF                    shift and go to state 89
    empty                          shift and go to state 90

state 72

    (37) expresion -> expresionS MEQ . expresionS
    (44) expresionS -> . expresionS SUMA termino
    (45) expresionS -> . expresionS RESTA termino
    (46) expresionS -> . expresionS OR termino
    (47) expresionS -> . termino
    (48) termino -> . termino MULTIPLICAR factor
    (49) termino -> . termino DIVIDIR factor
    (50) termino -> . termino AND factor
    (51) termino -> . factor
    (52) factor -> . ID
    (53) factor -> . CTE
    (54) factor -> . TRUE
    (55) factor -> . FALSE
    (56) factor -> . IPAREN expresion DPAREN
    (57) factor -> . NOT factor

    ID              shift and go to state 55
    CTE             shift and go to state 56
    TRUE            shift and go to state 57
    FALSE           shift and go to state 58
    IPAREN          shift and go to state 50
    NOT             shift and go to state 59

    expresionS                     shift and go to state 91
    termino                        shift and go to state 53
    factor                         shift and go to state 54

state 73

    (38) expresion -> expresionS MAQ . expresionS
    (44) expresionS -> . expresionS SUMA termino
    (45) expresionS -> . expresionS RESTA termino
    (46) expresionS -> . expresionS OR termino
    (47) expresionS -> . termino
    (48) termino -> . termino MULTIPLICAR factor
    (49) termino -> . termino DIVIDIR factor
    (50) termino -> . termino AND factor
    (51) termino -> . factor
    (52) factor -> . ID
    (53) factor -> . CTE
    (54) factor -> . TRUE
    (55) factor -> . FALSE
    (56) factor -> . IPAREN expresion DPAREN
    (57) factor -> . NOT factor

    ID              shift and go to state 55
    CTE             shift and go to state 56
    TRUE            shift and go to state 57
    FALSE           shift and go to state 58
    IPAREN          shift and go to state 50
    NOT             shift and go to state 59

    expresionS                     shift and go to state 92
    termino                        shift and go to state 53
    factor                         shift and go to state 54

state 74

    (39) expresion -> expresionS MEI . expresionS
    (44) expresionS -> . expresionS SUMA termino
    (45) expresionS -> . expresionS RESTA termino
    (46) expresionS -> . expresionS OR termino
    (47) expresionS -> . termino
    (48) termino -> . termino MULTIPLICAR factor
    (49) termino -> . termino DIVIDIR factor
    (50) termino -> . termino AND factor
    (51) termino -> . factor
    (52) factor -> . ID
    (53) factor -> . CTE
    (54) factor -> . TRUE
    (55) factor -> . FALSE
    (56) factor -> . IPAREN expresion DPAREN
    (57) factor -> . NOT factor

    ID              shift and go to state 55
    CTE             shift and go to state 56
    TRUE            shift and go to state 57
    FALSE           shift and go to state 58
    IPAREN          shift and go to state 50
    NOT             shift and go to state 59

    expresionS                     shift and go to state 93
    termino                        shift and go to state 53
    factor                         shift and go to state 54

state 75

    (40) expresion -> expresionS MAI . expresionS
    (44) expresionS -> . expresionS SUMA termino
    (45) expresionS -> . expresionS RESTA termino
    (46) expresionS -> . expresionS OR termino
    (47) expresionS -> . termino
    (48) termino -> . termino MULTIPLICAR factor
    (49) termino -> . termino DIVIDIR factor
    (50) termino -> . termino AND factor
    (51) termino -> . factor
    (52) factor -> . ID
    (53) factor -> . CTE
    (54) factor -> . TRUE
    (55) factor -> . FALSE
    (56) factor -> . IPAREN expresion DPAREN
    (57) factor -> . NOT factor

    ID              shift and go to state 55
    CTE             shift and go to state 56
    TRUE            shift and go to state 57
    FALSE           shift and go to state 58
    IPAREN          shift and go to state 50
    NOT             shift and go to state 59

    expresionS                     shift and go to state 94
    termino                        shift and go to state 53
    factor                         shift and go to state 54

state 76

    (41) expresion -> expresionS IGUAL . expresionS
    (44) expresionS -> . expresionS SUMA termino
    (45) expresionS -> . expresionS RESTA termino
    (46) expresionS -> . expresionS OR termino
    (47) expresionS -> . termino
    (48) termino -> . termino MULTIPLICAR factor
    (49) termino -> . termino DIVIDIR factor
    (50) termino -> . termino AND factor
    (51) termino -> . factor
    (52) factor -> . ID
    (53) factor -> . CTE
    (54) factor -> . TRUE
    (55) factor -> . FALSE
    (56) factor -> . IPAREN expresion DPAREN
    (57) factor -> . NOT factor

    ID              shift and go to state 55
    CTE             shift and go to state 56
    TRUE            shift and go to state 57
    FALSE           shift and go to state 58
    IPAREN          shift and go to state 50
    NOT             shift and go to state 59

    expresionS                     shift and go to state 95
    termino                        shift and go to state 53
    factor                         shift and go to state 54

state 77

    (42) expresion -> expresionS DISTINTO . expresionS
    (44) expresionS -> . expresionS SUMA termino
    (45) expresionS -> . expresionS RESTA termino
    (46) expresionS -> . expresionS OR termino
    (47) expresionS -> . termino
    (48) termino -> . termino MULTIPLICAR factor
    (49) termino -> . termino DIVIDIR factor
    (50) termino -> . termino AND factor
    (51) termino -> . factor
    (52) factor -> . ID
    (53) factor -> . CTE
    (54) factor -> . TRUE
    (55) factor -> . FALSE
    (56) factor -> . IPAREN expresion DPAREN
    (57) factor -> . NOT factor

    ID              shift and go to state 55
    CTE             shift and go to state 56
    TRUE            shift and go to state 57
    FALSE           shift and go to state 58
    IPAREN          shift and go to state 50
    NOT             shift and go to state 59

    expresionS                     shift and go to state 96
    termino                        shift and go to state 53
    factor                         shift and go to state 54

state 78

    (44) expresionS -> expresionS SUMA . termino
    (48) termino -> . termino MULTIPLICAR factor
    (49) termino -> . termino DIVIDIR factor
    (50) termino -> . termino AND factor
    (51) termino -> . factor
    (52) factor -> . ID
    (53) factor -> . CTE
    (54) factor -> . TRUE
    (55) factor -> . FALSE
    (56) factor -> . IPAREN expresion DPAREN
    (57) factor -> . NOT factor

    ID              shift and go to state 55
    CTE             shift and go to state 56
    TRUE            shift and go to state 57
    FALSE           shift and go to state 58
    IPAREN          shift and go to state 50
    NOT             shift and go to state 59

    termino                        shift and go to state 97
    factor                         shift and go to state 54

state 79

    (45) expresionS -> expresionS RESTA . termino
    (48) termino -> . termino MULTIPLICAR factor
    (49) termino -> . termino DIVIDIR factor
    (50) termino -> . termino AND factor
    (51) termino -> . factor
    (52) factor -> . ID
    (53) factor -> . CTE
    (54) factor -> . TRUE
    (55) factor -> . FALSE
    (56) factor -> . IPAREN expresion DPAREN
    (57) factor -> . NOT factor

    ID              shift and go to state 55
    CTE             shift and go to state 56
    TRUE            shift and go to state 57
    FALSE           shift and go to state 58
    IPAREN          shift and go to state 50
    NOT             shift and go to state 59

    termino                        shift and go to state 98
    factor                         shift and go to state 54

state 80

    (46) expresionS -> expresionS OR . termino
    (48) termino -> . termino MULTIPLICAR factor
    (49) termino -> . termino DIVIDIR factor
    (50) termino -> . termino AND factor
    (51) termino -> . factor
    (52) factor -> . ID
    (53) factor -> . CTE
    (54) factor -> . TRUE
    (55) factor -> . FALSE
    (56) factor -> . IPAREN expresion DPAREN
    (57) factor -> . NOT factor

    ID              shift and go to state 55
    CTE             shift and go to state 56
    TRUE            shift and go to state 57
    FALSE           shift and go to state 58
    IPAREN          shift and go to state 50
    NOT             shift and go to state 59

    termino                        shift and go to state 99
    factor                         shift and go to state 54

state 81

    (48) termino -> termino MULTIPLICAR . factor
    (52) factor -> . ID
    (53) factor -> . CTE
    (54) factor -> . TRUE
    (55) factor -> . FALSE
    (56) factor -> . IPAREN expresion DPAREN
    (57) factor -> . NOT factor

    ID              shift and go to state 55
    CTE             shift and go to state 56
    TRUE            shift and go to state 57
    FALSE           shift and go to state 58
    IPAREN          shift and go to state 50
    NOT             shift and go to state 59

    factor                         shift and go to state 100

state 82

    (49) termino -> termino DIVIDIR . factor
    (52) factor -> . ID
    (53) factor -> . CTE
    (54) factor -> . TRUE
    (55) factor -> . FALSE
    (56) factor -> . IPAREN expresion DPAREN
    (57) factor -> . NOT factor

    ID              shift and go to state 55
    CTE             shift and go to state 56
    TRUE            shift and go to state 57
    FALSE           shift and go to state 58
    IPAREN          shift and go to state 50
    NOT             shift and go to state 59

    factor                         shift and go to state 101

state 83

    (50) termino -> termino AND . factor
    (52) factor -> . ID
    (53) factor -> . CTE
    (54) factor -> . TRUE
    (55) factor -> . FALSE
    (56) factor -> . IPAREN expresion DPAREN
    (57) factor -> . NOT factor

    ID              shift and go to state 55
    CTE             shift and go to state 56
    TRUE            shift and go to state 57
    FALSE           shift and go to state 58
    IPAREN          shift and go to state 50
    NOT             shift and go to state 59

    factor                         shift and go to state 102

state 84

    (57) factor -> NOT factor .

    MULTIPLICAR     reduce using rule 57 (factor -> NOT factor .)
    DIVIDIR         reduce using rule 57 (factor -> NOT factor .)
    AND             reduce using rule 57 (factor -> NOT factor .)
    MEQ             reduce using rule 57 (factor -> NOT factor .)
    MAQ             reduce using rule 57 (factor -> NOT factor .)
    MEI             reduce using rule 57 (factor -> NOT factor .)
    MAI             reduce using rule 57 (factor -> NOT factor .)
    IGUAL           reduce using rule 57 (factor -> NOT factor .)
    DISTINTO        reduce using rule 57 (factor -> NOT factor .)
    SUMA            reduce using rule 57 (factor -> NOT factor .)
    RESTA           reduce using rule 57 (factor -> NOT factor .)
    OR              reduce using rule 57 (factor -> NOT factor .)
    DPAREN          reduce using rule 57 (factor -> NOT factor .)
    PUNTOYCOMA      reduce using rule 57 (factor -> NOT factor .)


state 85

    (29) while -> WHILE marca_inicio IPAREN expresion . marca_gotoF DPAREN DO ILLAVE estatutos DLLAVE
    (27) marca_gotoF -> . empty
    (58) empty -> .

    DPAREN          reduce using rule 58 (empty -> .)

    marca_gotoF                    shift and go to state 103
    empty                          shift and go to state 90

state 86

    (31) for -> FOR IPAREN asignar_base PUNTOYCOMA . marca_inicio expresion marca_gotoF PUNTOYCOMA incremento_expr DPAREN ILLAVE estatutos DLLAVE
    (30) marca_inicio -> . empty
    (58) empty -> .

    ID              reduce using rule 58 (empty -> .)
    CTE             reduce using rule 58 (empty -> .)
    TRUE            reduce using rule 58 (empty -> .)
    FALSE           reduce using rule 58 (empty -> .)
    IPAREN          reduce using rule 58 (empty -> .)
    NOT             reduce using rule 58 (empty -> .)

    marca_inicio                   shift and go to state 104
    empty                          shift and go to state 42

state 87

    (21) writeln -> WRITELN IPAREN valor DPAREN . PUNTOYCOMA

    PUNTOYCOMA      shift and go to state 105


state 88

    (56) factor -> IPAREN expresion DPAREN .

    MULTIPLICAR     reduce using rule 56 (factor -> IPAREN expresion DPAREN .)
    DIVIDIR         reduce using rule 56 (factor -> IPAREN expresion DPAREN .)
    AND             reduce using rule 56 (factor -> IPAREN expresion DPAREN .)
    MEQ             reduce using rule 56 (factor -> IPAREN expresion DPAREN .)
    MAQ             reduce using rule 56 (factor -> IPAREN expresion DPAREN .)
    MEI             reduce using rule 56 (factor -> IPAREN expresion DPAREN .)
    MAI             reduce using rule 56 (factor -> IPAREN expresion DPAREN .)
    IGUAL           reduce using rule 56 (factor -> IPAREN expresion DPAREN .)
    DISTINTO        reduce using rule 56 (factor -> IPAREN expresion DPAREN .)
    SUMA            reduce using rule 56 (factor -> IPAREN expresion DPAREN .)
    RESTA           reduce using rule 56 (factor -> IPAREN expresion DPAREN .)
    OR              reduce using rule 56 (factor -> IPAREN expresion DPAREN .)
    DPAREN          reduce using rule 56 (factor -> IPAREN expresion DPAREN .)
    PUNTOYCOMA      reduce using rule 56 (factor -> IPAREN expresion DPAREN .)


state 89

    (25) if -> IF IPAREN expresion DPAREN marca_gotoF . THEN ILLAVE estatutos DLLAVE
    (26) if -> IF IPAREN expresion DPAREN marca_gotoF . THEN ILLAVE estatutos DLLAVE marca_goto ELSE ILLAVE estatutos DLLAVE

    THEN            shift and go to state 106


state 90

    (27) marca_gotoF -> empty .

    THEN            reduce using rule 27 (marca_gotoF -> empty .)
    DPAREN          reduce using rule 27 (marca_gotoF -> empty .)
    PUNTOYCOMA      reduce using rule 27 (marca_gotoF -> empty .)


state 91

    (37) expresion -> expresionS MEQ expresionS .
    (44) expresionS -> expresionS . SUMA termino
    (45) expresionS -> expresionS . RESTA termino
    (46) expresionS -> expresionS . OR termino

    DPAREN          reduce using rule 37 (expresion -> expresionS MEQ expresionS .)
    PUNTOYCOMA      reduce using rule 37 (expresion -> expresionS MEQ expresionS .)
    SUMA            shift and go to state 78
    RESTA           shift and go to state 79
    OR              shift and go to state 80


state 92

    (38) expresion -> expresionS MAQ expresionS .
    (44) expresionS -> expresionS . SUMA termino
    (45) expresionS -> expresionS . RESTA termino
    (46) expresionS -> expresionS . OR termino

    DPAREN          reduce using rule 38 (expresion -> expresionS MAQ expresionS .)
    PUNTOYCOMA      reduce using rule 38 (expresion -> expresionS MAQ expresionS .)
    SUMA            shift and go to state 78
    RESTA           shift and go to state 79
    OR              shift and go to state 80


state 93

    (39) expresion -> expresionS MEI expresionS .
    (44) expresionS -> expresionS . SUMA termino
    (45) expresionS -> expresionS . RESTA termino
    (46) expresionS -> expresionS . OR termino

    DPAREN          reduce using rule 39 (expresion -> expresionS MEI expresionS .)
    PUNTOYCOMA      reduce using rule 39 (expresion -> expresionS MEI expresionS .)
    SUMA            shift and go to state 78
    RESTA           shift and go to state 79
    OR              shift and go to state 80


state 94

    (40) expresion -> expresionS MAI expresionS .
    (44) expresionS -> expresionS . SUMA termino
    (45) expresionS -> expresionS . RESTA termino
    (46) expresionS -> expresionS . OR termino

    DPAREN          reduce using rule 40 (expresion -> expresionS MAI expresionS .)
    PUNTOYCOMA      reduce using rule 40 (expresion -> expresionS MAI expresionS .)
    SUMA            shift and go to state 78
    RESTA           shift and go to state 79
    OR              shift and go to state 80


state 95

    (41) expresion -> expresionS IGUAL expresionS .
    (44) expresionS -> expresionS . SUMA termino
    (45) expresionS -> expresionS . RESTA termino
    (46) expresionS -> expresionS . OR termino

    DPAREN          reduce using rule 41 (expresion -> expresionS IGUAL expresionS .)
    PUNTOYCOMA      reduce using rule 41 (expresion -> expresionS IGUAL expresionS .)
    SUMA            shift and go to state 78
    RESTA           shift and go to state 79
    OR              shift and go to state 80


state 96

    (42) expresion -> expresionS DISTINTO expresionS .
    (44) expresionS -> expresionS . SUMA termino
    (45) expresionS -> expresionS . RESTA termino
    (46) expresionS -> expresionS . OR termino

    DPAREN          reduce using rule 42 (expresion -> expresionS DISTINTO expresionS .)
    PUNTOYCOMA      reduce using rule 42 (expresion -> expresionS DISTINTO expresionS .)
    SUMA            shift and go to state 78
    RESTA           shift and go to state 79
    OR              shift and go to state 80


state 97

    (44) expresionS -> expresionS SUMA termino .
    (48) termino -> termino . MULTIPLICAR factor
    (49) termino -> termino . DIVIDIR factor
    (50) termino -> termino . AND factor

    MEQ             reduce using rule 44 (expresionS -> expresionS SUMA termino .)
    MAQ             reduce using rule 44 (expresionS -> expresionS SUMA termino .)
    MEI             reduce using rule 44 (expresionS -> expresionS SUMA termino .)
    MAI             reduce using rule 44 (expresionS -> expresionS SUMA termino .)
    IGUAL           reduce using rule 44 (expresionS -> expresionS SUMA termino .)
    DISTINTO        reduce using rule 44 (expresionS -> expresionS SUMA termino .)
    SUMA            reduce using rule 44 (expresionS -> expresionS SUMA termino .)
    RESTA           reduce using rule 44 (expresionS -> expresionS SUMA termino .)
    OR              reduce using rule 44 (expresionS -> expresionS SUMA termino .)
    DPAREN          reduce using rule 44 (expresionS -> expresionS SUMA termino .)
    PUNTOYCOMA      reduce using rule 44 (expresionS -> expresionS SUMA termino .)
    MULTIPLICAR     shift and go to state 81
    DIVIDIR         shift and go to state 82
    AND             shift and go to state 83


state 98

    (45) expresionS -> expresionS RESTA termino .
    (48) termino -> termino . MULTIPLICAR factor
    (49) termino -> termino . DIVIDIR factor
    (50) termino -> termino . AND factor

    MEQ             reduce using rule 45 (expresionS -> expresionS RESTA termino .)
    MAQ             reduce using rule 45 (expresionS -> expresionS RESTA termino .)
    MEI             reduce using rule 45 (expresionS -> expresionS RESTA termino .)
    MAI             reduce using rule 45 (expresionS -> expresionS RESTA termino .)
    IGUAL           reduce using rule 45 (expresionS -> expresionS RESTA termino .)
    DISTINTO        reduce using rule 45 (expresionS -> expresionS RESTA termino .)
    SUMA            reduce using rule 45 (expresionS -> expresionS RESTA termino .)
    RESTA           reduce using rule 45 (expresionS -> expresionS RESTA termino .)
    OR              reduce using rule 45 (expresionS -> expresionS RESTA termino .)
    DPAREN          reduce using rule 45 (expresionS -> expresionS RESTA termino .)
    PUNTOYCOMA      reduce using rule 45 (expresionS -> expresionS RESTA termino .)
    MULTIPLICAR     shift and go to state 81
    DIVIDIR         shift and go to state 82
    AND             shift and go to state 83


state 99

    (46) expresionS -> expresionS OR termino .
    (48) termino -> termino . MULTIPLICAR factor
    (49) termino -> termino . DIVIDIR factor
    (50) termino -> termino . AND factor

    MEQ             reduce using rule 46 (expresionS -> expresionS OR termino .)
    MAQ             reduce using rule 46 (expresionS -> expresionS OR termino .)
    MEI             reduce using rule 46 (expresionS -> expresionS OR termino .)
    MAI             reduce using rule 46 (expresionS -> expresionS OR termino .)
    IGUAL           reduce using rule 46 (expresionS -> expresionS OR termino .)
    DISTINTO        reduce using rule 46 (expresionS -> expresionS OR termino .)
    SUMA            reduce using rule 46 (expresionS -> expresionS OR termino .)
    RESTA           reduce using rule 46 (expresionS -> expresionS OR termino .)
    OR              reduce using rule 46 (expresionS -> expresionS OR termino .)
    DPAREN          reduce using rule 46 (expresionS -> expresionS OR termino .)
    PUNTOYCOMA      reduce using rule 46 (expresionS -> expresionS OR termino .)
    MULTIPLICAR     shift and go to state 81
    DIVIDIR         shift and go to state 82
    AND             shift and go to state 83


state 100

    (48) termino -> termino MULTIPLICAR factor .

    MULTIPLICAR     reduce using rule 48 (termino -> termino MULTIPLICAR factor .)
    DIVIDIR         reduce using rule 48 (termino -> termino MULTIPLICAR factor .)
    AND             reduce using rule 48 (termino -> termino MULTIPLICAR factor .)
    MEQ             reduce using rule 48 (termino -> termino MULTIPLICAR factor .)
    MAQ             reduce using rule 48 (termino -> termino MULTIPLICAR factor .)
    MEI             reduce using rule 48 (termino -> termino MULTIPLICAR factor .)
    MAI             reduce using rule 48 (termino -> termino MULTIPLICAR factor .)
    IGUAL           reduce using rule 48 (termino -> termino MULTIPLICAR factor .)
    DISTINTO        reduce using rule 48 (termino -> termino MULTIPLICAR factor .)
    SUMA            reduce using rule 48 (termino -> termino MULTIPLICAR factor .)
    RESTA           reduce using rule 48 (termino -> termino MULTIPLICAR factor .)
    OR              reduce using rule 48 (termino -> termino MULTIPLICAR factor .)
    DPAREN          reduce using rule 48 (termino -> termino MULTIPLICAR factor .)
    PUNTOYCOMA      reduce using rule 48 (termino -> termino MULTIPLICAR factor .)


state 101

    (49) termino -> termino DIVIDIR factor .

    MULTIPLICAR     reduce using rule 49 (termino -> termino DIVIDIR factor .)
    DIVIDIR         reduce using rule 49 (termino -> termino DIVIDIR factor .)
    AND             reduce using rule 49 (termino -> termino DIVIDIR factor .)
    MEQ             reduce using rule 49 (termino -> termino DIVIDIR factor .)
    MAQ             reduce using rule 49 (termino -> termino DIVIDIR factor .)
    MEI             reduce using rule 49 (termino -> termino DIVIDIR factor .)
    MAI             reduce using rule 49 (termino -> termino DIVIDIR factor .)
    IGUAL           reduce using rule 49 (termino -> termino DIVIDIR factor .)
    DISTINTO        reduce using rule 49 (termino -> termino DIVIDIR factor .)
    SUMA            reduce using rule 49 (termino -> termino DIVIDIR factor .)
    RESTA           reduce using rule 49 (termino -> termino DIVIDIR factor .)
    OR              reduce using rule 49 (termino -> termino DIVIDIR factor .)
    DPAREN          reduce using rule 49 (termino -> termino DIVIDIR factor .)
    PUNTOYCOMA      reduce using rule 49 (termino -> termino DIVIDIR factor .)


state 102

    (50) termino -> termino AND factor .

    MULTIPLICAR     reduce using rule 50 (termino -> termino AND factor .)
    DIVIDIR         reduce using rule 50 (termino -> termino AND factor .)
    AND             reduce using rule 50 (termino -> termino AND factor .)
    MEQ             reduce using rule 50 (termino -> termino AND factor .)
    MAQ             reduce using rule 50 (termino -> termino AND factor .)
    MEI             reduce using rule 50 (termino -> termino AND factor .)
    MAI             reduce using rule 50 (termino -> termino AND factor .)
    IGUAL           reduce using rule 50 (termino -> termino AND factor .)
    DISTINTO        reduce using rule 50 (termino -> termino AND factor .)
    SUMA            reduce using rule 50 (termino -> termino AND factor .)
    RESTA           reduce using rule 50 (termino -> termino AND factor .)
    OR              reduce using rule 50 (termino -> termino AND factor .)
    DPAREN          reduce using rule 50 (termino -> termino AND factor .)
    PUNTOYCOMA      reduce using rule 50 (termino -> termino AND factor .)


state 103

    (29) while -> WHILE marca_inicio IPAREN expresion marca_gotoF . DPAREN DO ILLAVE estatutos DLLAVE

    DPAREN          shift and go to state 107


state 104

    (31) for -> FOR IPAREN asignar_base PUNTOYCOMA marca_inicio . expresion marca_gotoF PUNTOYCOMA incremento_expr DPAREN ILLAVE estatutos DLLAVE
    (37) expresion -> . expresionS MEQ expresionS
    (38) expresion -> . expresionS MAQ expresionS
    (39) expresion -> . expresionS MEI expresionS
    (40) expresion -> . expresionS MAI expresionS
    (41) expresion -> . expresionS IGUAL expresionS
    (42) expresion -> . expresionS DISTINTO expresionS
    (43) expresion -> . expresionS
    (44) expresionS -> . expresionS SUMA termino
    (45) expresionS -> . expresionS RESTA termino
    (46) expresionS -> . expresionS OR termino
    (47) expresionS -> . termino
    (48) termino -> . termino MULTIPLICAR factor
    (49) termino -> . termino DIVIDIR factor
    (50) termino -> . termino AND factor
    (51) termino -> . factor
    (52) factor -> . ID
    (53) factor -> . CTE
    (54) factor -> . TRUE
    (55) factor -> . FALSE
    (56) factor -> . IPAREN expresion DPAREN
    (57) factor -> . NOT factor

    ID              shift and go to state 55
    CTE             shift and go to state 56
    TRUE            shift and go to state 57
    FALSE           shift and go to state 58
    IPAREN          shift and go to state 50
    NOT             shift and go to state 59

    expresion                      shift and go to state 108
    expresionS                     shift and go to state 52
    termino                        shift and go to state 53
    factor                         shift and go to state 54

state 105

    (21) writeln -> WRITELN IPAREN valor DPAREN PUNTOYCOMA .

    IF              reduce using rule 21 (writeln -> WRITELN IPAREN valor DPAREN PUNTOYCOMA .)
    WHILE           reduce using rule 21 (writeln -> WRITELN IPAREN valor DPAREN PUNTOYCOMA .)
    FOR             reduce using rule 21 (writeln -> WRITELN IPAREN valor DPAREN PUNTOYCOMA .)
    WRITELN         reduce using rule 21 (writeln -> WRITELN IPAREN valor DPAREN PUNTOYCOMA .)
    ID              reduce using rule 21 (writeln -> WRITELN IPAREN valor DPAREN PUNTOYCOMA .)
    END             reduce using rule 21 (writeln -> WRITELN IPAREN valor DPAREN PUNTOYCOMA .)
    DLLAVE          reduce using rule 21 (writeln -> WRITELN IPAREN valor DPAREN PUNTOYCOMA .)


state 106

    (25) if -> IF IPAREN expresion DPAREN marca_gotoF THEN . ILLAVE estatutos DLLAVE
    (26) if -> IF IPAREN expresion DPAREN marca_gotoF THEN . ILLAVE estatutos DLLAVE marca_goto ELSE ILLAVE estatutos DLLAVE

    ILLAVE          shift and go to state 109


state 107

    (29) while -> WHILE marca_inicio IPAREN expresion marca_gotoF DPAREN . DO ILLAVE estatutos DLLAVE

    DO              shift and go to state 110


state 108

    (31) for -> FOR IPAREN asignar_base PUNTOYCOMA marca_inicio expresion . marca_gotoF PUNTOYCOMA incremento_expr DPAREN ILLAVE estatutos DLLAVE
    (27) marca_gotoF -> . empty
    (58) empty -> .

    PUNTOYCOMA      reduce using rule 58 (empty -> .)

    marca_gotoF                    shift and go to state 111
    empty                          shift and go to state 90

state 109

    (25) if -> IF IPAREN expresion DPAREN marca_gotoF THEN ILLAVE . estatutos DLLAVE
    (26) if -> IF IPAREN expresion DPAREN marca_gotoF THEN ILLAVE . estatutos DLLAVE marca_goto ELSE ILLAVE estatutos DLLAVE
    (17) estatutos -> . estatuto estatutos
    (18) estatutos -> . empty
    (11) estatuto -> . asignar
    (12) estatuto -> . if
    (13) estatuto -> . while
    (14) estatuto -> . for
    (15) estatuto -> . writeln
    (16) estatuto -> . incremento_puntocoma
    (58) empty -> .
    (20) asignar -> . asignar_base PUNTOYCOMA
    (25) if -> . IF IPAREN expresion DPAREN marca_gotoF THEN ILLAVE estatutos DLLAVE
    (26) if -> . IF IPAREN expresion DPAREN marca_gotoF THEN ILLAVE estatutos DLLAVE marca_goto ELSE ILLAVE estatutos DLLAVE
    (29) while -> . WHILE marca_inicio IPAREN expresion marca_gotoF DPAREN DO ILLAVE estatutos DLLAVE
    (31) for -> . FOR IPAREN asignar_base PUNTOYCOMA marca_inicio expresion marca_gotoF PUNTOYCOMA incremento_expr DPAREN ILLAVE estatutos DLLAVE
    (21) writeln -> . WRITELN IPAREN valor DPAREN PUNTOYCOMA
    (35) incremento_puntocoma -> . ID INCREMENTO PUNTOYCOMA
    (36) incremento_puntocoma -> . ID DECREMENTO PUNTOYCOMA
    (19) asignar_base -> . ID ASSIGNAR expresion

    DLLAVE          reduce using rule 58 (empty -> .)
    IF              shift and go to state 26
    WHILE           shift and go to state 27
    FOR             shift and go to state 28
    WRITELN         shift and go to state 29
    ID              shift and go to state 30

    estatutos                      shift and go to state 112
    estatuto                       shift and go to state 17
    empty                          shift and go to state 18
    asignar                        shift and go to state 19
    if                             shift and go to state 20
    while                          shift and go to state 21
    for                            shift and go to state 22
    writeln                        shift and go to state 23
    incremento_puntocoma           shift and go to state 24
    asignar_base                   shift and go to state 25

state 110

    (29) while -> WHILE marca_inicio IPAREN expresion marca_gotoF DPAREN DO . ILLAVE estatutos DLLAVE

    ILLAVE          shift and go to state 113


state 111

    (31) for -> FOR IPAREN asignar_base PUNTOYCOMA marca_inicio expresion marca_gotoF . PUNTOYCOMA incremento_expr DPAREN ILLAVE estatutos DLLAVE

    PUNTOYCOMA      shift and go to state 114


state 112

    (25) if -> IF IPAREN expresion DPAREN marca_gotoF THEN ILLAVE estatutos . DLLAVE
    (26) if -> IF IPAREN expresion DPAREN marca_gotoF THEN ILLAVE estatutos . DLLAVE marca_goto ELSE ILLAVE estatutos DLLAVE

    DLLAVE          shift and go to state 115


state 113

    (29) while -> WHILE marca_inicio IPAREN expresion marca_gotoF DPAREN DO ILLAVE . estatutos DLLAVE
    (17) estatutos -> . estatuto estatutos
    (18) estatutos -> . empty
    (11) estatuto -> . asignar
    (12) estatuto -> . if
    (13) estatuto -> . while
    (14) estatuto -> . for
    (15) estatuto -> . writeln
    (16) estatuto -> . incremento_puntocoma
    (58) empty -> .
    (20) asignar -> . asignar_base PUNTOYCOMA
    (25) if -> . IF IPAREN expresion DPAREN marca_gotoF THEN ILLAVE estatutos DLLAVE
    (26) if -> . IF IPAREN expresion DPAREN marca_gotoF THEN ILLAVE estatutos DLLAVE marca_goto ELSE ILLAVE estatutos DLLAVE
    (29) while -> . WHILE marca_inicio IPAREN expresion marca_gotoF DPAREN DO ILLAVE estatutos DLLAVE
    (31) for -> . FOR IPAREN asignar_base PUNTOYCOMA marca_inicio expresion marca_gotoF PUNTOYCOMA incremento_expr DPAREN ILLAVE estatutos DLLAVE
    (21) writeln -> . WRITELN IPAREN valor DPAREN PUNTOYCOMA
    (35) incremento_puntocoma -> . ID INCREMENTO PUNTOYCOMA
    (36) incremento_puntocoma -> . ID DECREMENTO PUNTOYCOMA
    (19) asignar_base -> . ID ASSIGNAR expresion

    DLLAVE          reduce using rule 58 (empty -> .)
    IF              shift and go to state 26
    WHILE           shift and go to state 27
    FOR             shift and go to state 28
    WRITELN         shift and go to state 29
    ID              shift and go to state 30

    estatutos                      shift and go to state 116
    estatuto                       shift and go to state 17
    empty                          shift and go to state 18
    asignar                        shift and go to state 19
    if                             shift and go to state 20
    while                          shift and go to state 21
    for                            shift and go to state 22
    writeln                        shift and go to state 23
    incremento_puntocoma           shift and go to state 24
    asignar_base                   shift and go to state 25

state 114

    (31) for -> FOR IPAREN asignar_base PUNTOYCOMA marca_inicio expresion marca_gotoF PUNTOYCOMA . incremento_expr DPAREN ILLAVE estatutos DLLAVE
    (32) incremento_expr -> . ID INCREMENTO
    (33) incremento_expr -> . ID DECREMENTO
    (34) incremento_expr -> . asignar_base
    (19) asignar_base -> . ID ASSIGNAR expresion

    ID              shift and go to state 119

    asignar_base                   shift and go to state 117
    incremento_expr                shift and go to state 118

state 115

    (25) if -> IF IPAREN expresion DPAREN marca_gotoF THEN ILLAVE estatutos DLLAVE .
    (26) if -> IF IPAREN expresion DPAREN marca_gotoF THEN ILLAVE estatutos DLLAVE . marca_goto ELSE ILLAVE estatutos DLLAVE
    (28) marca_goto -> . empty
    (58) empty -> .

    IF              reduce using rule 25 (if -> IF IPAREN expresion DPAREN marca_gotoF THEN ILLAVE estatutos DLLAVE .)
    WHILE           reduce using rule 25 (if -> IF IPAREN expresion DPAREN marca_gotoF THEN ILLAVE estatutos DLLAVE .)
    FOR             reduce using rule 25 (if -> IF IPAREN expresion DPAREN marca_gotoF THEN ILLAVE estatutos DLLAVE .)
    WRITELN         reduce using rule 25 (if -> IF IPAREN expresion DPAREN marca_gotoF THEN ILLAVE estatutos DLLAVE .)
    ID              reduce using rule 25 (if -> IF IPAREN expresion DPAREN marca_gotoF THEN ILLAVE estatutos DLLAVE .)
    END             reduce using rule 25 (if -> IF IPAREN expresion DPAREN marca_gotoF THEN ILLAVE estatutos DLLAVE .)
    DLLAVE          reduce using rule 25 (if -> IF IPAREN expresion DPAREN marca_gotoF THEN ILLAVE estatutos DLLAVE .)
    ELSE            reduce using rule 58 (empty -> .)

    marca_goto                     shift and go to state 120
    empty                          shift and go to state 121

state 116

    (29) while -> WHILE marca_inicio IPAREN expresion marca_gotoF DPAREN DO ILLAVE estatutos . DLLAVE

    DLLAVE          shift and go to state 122


state 117

    (34) incremento_expr -> asignar_base .

    DPAREN          reduce using rule 34 (incremento_expr -> asignar_base .)


state 118

    (31) for -> FOR IPAREN asignar_base PUNTOYCOMA marca_inicio expresion marca_gotoF PUNTOYCOMA incremento_expr . DPAREN ILLAVE estatutos DLLAVE

    DPAREN          shift and go to state 123


state 119

    (32) incremento_expr -> ID . INCREMENTO
    (33) incremento_expr -> ID . DECREMENTO
    (19) asignar_base -> ID . ASSIGNAR expresion

    INCREMENTO      shift and go to state 124
    DECREMENTO      shift and go to state 125
    ASSIGNAR        shift and go to state 47


state 120

    (26) if -> IF IPAREN expresion DPAREN marca_gotoF THEN ILLAVE estatutos DLLAVE marca_goto . ELSE ILLAVE estatutos DLLAVE

    ELSE            shift and go to state 126


state 121

    (28) marca_goto -> empty .

    ELSE            reduce using rule 28 (marca_goto -> empty .)


state 122

    (29) while -> WHILE marca_inicio IPAREN expresion marca_gotoF DPAREN DO ILLAVE estatutos DLLAVE .

    IF              reduce using rule 29 (while -> WHILE marca_inicio IPAREN expresion marca_gotoF DPAREN DO ILLAVE estatutos DLLAVE .)
    WHILE           reduce using rule 29 (while -> WHILE marca_inicio IPAREN expresion marca_gotoF DPAREN DO ILLAVE estatutos DLLAVE .)
    FOR             reduce using rule 29 (while -> WHILE marca_inicio IPAREN expresion marca_gotoF DPAREN DO ILLAVE estatutos DLLAVE .)
    WRITELN         reduce using rule 29 (while -> WHILE marca_inicio IPAREN expresion marca_gotoF DPAREN DO ILLAVE estatutos DLLAVE .)
    ID              reduce using rule 29 (while -> WHILE marca_inicio IPAREN expresion marca_gotoF DPAREN DO ILLAVE estatutos DLLAVE .)
    END             reduce using rule 29 (while -> WHILE marca_inicio IPAREN expresion marca_gotoF DPAREN DO ILLAVE estatutos DLLAVE .)
    DLLAVE          reduce using rule 29 (while -> WHILE marca_inicio IPAREN expresion marca_gotoF DPAREN DO ILLAVE estatutos DLLAVE .)


state 123

    (31) for -> FOR IPAREN asignar_base PUNTOYCOMA marca_inicio expresion marca_gotoF PUNTOYCOMA incremento_expr DPAREN . ILLAVE estatutos DLLAVE

    ILLAVE          shift and go to state 127


state 124

    (32) incremento_expr -> ID INCREMENTO .

    DPAREN          reduce using rule 32 (incremento_expr -> ID INCREMENTO .)


state 125

    (33) incremento_expr -> ID DECREMENTO .

    DPAREN          reduce using rule 33 (incremento_expr -> ID DECREMENTO .)


state 126

    (26) if -> IF IPAREN expresion DPAREN marca_gotoF THEN ILLAVE estatutos DLLAVE marca_goto ELSE . ILLAVE estatutos DLLAVE

    ILLAVE          shift and go to state 128


state 127

    (31) for -> FOR IPAREN asignar_base PUNTOYCOMA marca_inicio expresion marca_gotoF PUNTOYCOMA incremento_expr DPAREN ILLAVE . estatutos DLLAVE
    (17) estatutos -> . estatuto estatutos
    (18) estatutos -> . empty
    (11) estatuto -> . asignar
    (12) estatuto -> . if
    (13) estatuto -> . while
    (14) estatuto -> . for
    (15) estatuto -> . writeln
    (16) estatuto -> . incremento_puntocoma
    (58) empty -> .
    (20) asignar -> . asignar_base PUNTOYCOMA
    (25) if -> . IF IPAREN expresion DPAREN marca_gotoF THEN ILLAVE estatutos DLLAVE
    (26) if -> . IF IPAREN expresion DPAREN marca_gotoF THEN ILLAVE estatutos DLLAVE marca_goto ELSE ILLAVE estatutos DLLAVE
    (29) while -> . WHILE marca_inicio IPAREN expresion marca_gotoF DPAREN DO ILLAVE estatutos DLLAVE
    (31) for -> . FOR IPAREN asignar_base PUNTOYCOMA marca_inicio expresion marca_gotoF PUNTOYCOMA incremento_expr DPAREN ILLAVE estatutos DLLAVE
    (21) writeln -> . WRITELN IPAREN valor DPAREN PUNTOYCOMA
    (35) incremento_puntocoma -> . ID INCREMENTO PUNTOYCOMA
    (36) incremento_puntocoma -> . ID DECREMENTO PUNTOYCOMA
    (19) asignar_base -> . ID ASSIGNAR expresion

    DLLAVE          reduce using rule 58 (empty -> .)
    IF              shift and go to state 26
    WHILE           shift and go to state 27
    FOR             shift and go to state 28
    WRITELN         shift and go to state 29
    ID              shift and go to state 30

    asignar_base                   shift and go to state 25
    estatutos                      shift and go to state 129
    estatuto                       shift and go to state 17
    empty                          shift and go to state 18
    asignar                        shift and go to state 19
    if                             shift and go to state 20
    while                          shift and go to state 21
    for                            shift and go to state 22
    writeln                        shift and go to state 23
    incremento_puntocoma           shift and go to state 24

state 128

    (26) if -> IF IPAREN expresion DPAREN marca_gotoF THEN ILLAVE estatutos DLLAVE marca_goto ELSE ILLAVE . estatutos DLLAVE
    (17) estatutos -> . estatuto estatutos
    (18) estatutos -> . empty
    (11) estatuto -> . asignar
    (12) estatuto -> . if
    (13) estatuto -> . while
    (14) estatuto -> . for
    (15) estatuto -> . writeln
    (16) estatuto -> . incremento_puntocoma
    (58) empty -> .
    (20) asignar -> . asignar_base PUNTOYCOMA
    (25) if -> . IF IPAREN expresion DPAREN marca_gotoF THEN ILLAVE estatutos DLLAVE
    (26) if -> . IF IPAREN expresion DPAREN marca_gotoF THEN ILLAVE estatutos DLLAVE marca_goto ELSE ILLAVE estatutos DLLAVE
    (29) while -> . WHILE marca_inicio IPAREN expresion marca_gotoF DPAREN DO ILLAVE estatutos DLLAVE
    (31) for -> . FOR IPAREN asignar_base PUNTOYCOMA marca_inicio expresion marca_gotoF PUNTOYCOMA incremento_expr DPAREN ILLAVE estatutos DLLAVE
    (21) writeln -> . WRITELN IPAREN valor DPAREN PUNTOYCOMA
    (35) incremento_puntocoma -> . ID INCREMENTO PUNTOYCOMA
    (36) incremento_puntocoma -> . ID DECREMENTO PUNTOYCOMA
    (19) asignar_base -> . ID ASSIGNAR expresion

    DLLAVE          reduce using rule 58 (empty -> .)
    IF              shift and go to state 26
    WHILE           shift and go to state 27
    FOR             shift and go to state 28
    WRITELN         shift and go to state 29
    ID              shift and go to state 30

    estatutos                      shift and go to state 130
    estatuto                       shift and go to state 17
    empty                          shift and go to state 18
    asignar                        shift and go to state 19
    if                             shift and go to state 20
    while                          shift and go to state 21
    for                            shift and go to state 22
    writeln                        shift and go to state 23
    incremento_puntocoma           shift and go to state 24
    asignar_base                   shift and go to state 25

state 129

    (31) for -> FOR IPAREN asignar_base PUNTOYCOMA marca_inicio expresion marca_gotoF PUNTOYCOMA incremento_expr DPAREN ILLAVE estatutos . DLLAVE

    DLLAVE          shift and go to state 131


state 130

    (26) if -> IF IPAREN expresion DPAREN marca_gotoF THEN ILLAVE estatutos DLLAVE marca_goto ELSE ILLAVE estatutos . DLLAVE

    DLLAVE          shift and go to state 132


state 131

    (31) for -> FOR IPAREN asignar_base PUNTOYCOMA marca_inicio expresion marca_gotoF PUNTOYCOMA incremento_expr DPAREN ILLAVE estatutos DLLAVE .

    IF              reduce using rule 31 (for -> FOR IPAREN asignar_base PUNTOYCOMA marca_inicio expresion marca_gotoF PUNTOYCOMA incremento_expr DPAREN ILLAVE estatutos DLLAVE .)
    WHILE           reduce using rule 31 (for -> FOR IPAREN asignar_base PUNTOYCOMA marca_inicio expresion marca_gotoF PUNTOYCOMA incremento_expr DPAREN ILLAVE estatutos DLLAVE .)
    FOR             reduce using rule 31 (for -> FOR IPAREN asignar_base PUNTOYCOMA marca_inicio expresion marca_gotoF PUNTOYCOMA incremento_expr DPAREN ILLAVE estatutos DLLAVE .)
    WRITELN         reduce using rule 31 (for -> FOR IPAREN asignar_base PUNTOYCOMA marca_inicio expresion marca_gotoF PUNTOYCOMA incremento_expr DPAREN ILLAVE estatutos DLLAVE .)
    ID              reduce using rule 31 (for -> FOR IPAREN asignar_base PUNTOYCOMA marca_inicio expresion marca_gotoF PUNTOYCOMA incremento_expr DPAREN ILLAVE estatutos DLLAVE .)
    END             reduce using rule 31 (for -> FOR IPAREN asignar_base PUNTOYCOMA marca_inicio expresion marca_gotoF PUNTOYCOMA incremento_expr DPAREN ILLAVE estatutos DLLAVE .)
    DLLAVE          reduce using rule 31 (for -> FOR IPAREN asignar_base PUNTOYCOMA marca_inicio expresion marca_gotoF PUNTOYCOMA incremento_expr DPAREN ILLAVE estatutos DLLAVE .)


state 132

    (26) if -> IF IPAREN expresion DPAREN marca_gotoF THEN ILLAVE estatutos DLLAVE marca_goto ELSE ILLAVE estatutos DLLAVE .

    IF              reduce using rule 26 (if -> IF IPAREN expresion DPAREN marca_gotoF THEN ILLAVE estatutos DLLAVE marca_goto ELSE ILLAVE estatutos DLLAVE .)
    WHILE           reduce using rule 26 (if -> IF IPAREN expresion DPAREN marca_gotoF THEN ILLAVE estatutos DLLAVE marca_goto ELSE ILLAVE estatutos DLLAVE .)
    FOR             reduce using rule 26 (if -> IF IPAREN expresion DPAREN marca_gotoF THEN ILLAVE estatutos DLLAVE marca_goto ELSE ILLAVE estatutos DLLAVE .)
    WRITELN         reduce using rule 26 (if -> IF IPAREN expresion DPAREN marca_gotoF THEN ILLAVE estatutos DLLAVE marca_goto ELSE ILLAVE estatutos DLLAVE .)
    ID              reduce using rule 26 (if -> IF IPAREN expresion DPAREN marca_gotoF THEN ILLAVE estatutos DLLAVE marca_goto ELSE ILLAVE estatutos DLLAVE .)
    END             reduce using rule 26 (if -> IF IPAREN expresion DPAREN marca_gotoF THEN ILLAVE estatutos DLLAVE marca_goto ELSE ILLAVE estatutos DLLAVE .)
    DLLAVE          reduce using rule 26 (if -> IF IPAREN expresion DPAREN marca_gotoF THEN ILLAVE estatutos DLLAVE marca_goto ELSE ILLAVE estatutos DLLAVE .)

